Archive member included to satisfy reference by file (symbol)

/usr/lib/arm-linux-gnueabihf/libc_nonshared.a(elf-init.oS)
                              /usr/bin/../lib/gcc/arm-linux-gnueabihf/4.8/../../../arm-linux-gnueabihf/crt1.o (__libc_csu_init)
/usr/bin/../lib/gcc/arm-linux-gnueabihf/4.8/libgcc.a(_udivsi3.o)
                              build/memio.o (__aeabi_uidiv)
/usr/bin/../lib/gcc/arm-linux-gnueabihf/4.8/libgcc.a(_divsi3.o)
                              build/am_map.o (__aeabi_idiv)
/usr/bin/../lib/gcc/arm-linux-gnueabihf/4.8/libgcc.a(_umodsi3.o)
                              build/r_data.o (__umodsi3)
/usr/bin/../lib/gcc/arm-linux-gnueabihf/4.8/libgcc.a(_modsi3.o)
                              build/g_game.o (__modsi3)
/usr/bin/../lib/gcc/arm-linux-gnueabihf/4.8/libgcc.a(_aeabi_ldivmod.o)
                              build/m_fixed.o (__aeabi_ldivmod)
/usr/bin/../lib/gcc/arm-linux-gnueabihf/4.8/libgcc.a(_dvmd_lnx.o)
                              /usr/bin/../lib/gcc/arm-linux-gnueabihf/4.8/libgcc.a(_udivsi3.o) (__aeabi_idiv0)
/usr/bin/../lib/gcc/arm-linux-gnueabihf/4.8/libgcc.a(bpabi.o)
                              /usr/bin/../lib/gcc/arm-linux-gnueabihf/4.8/libgcc.a(_aeabi_ldivmod.o) (__gnu_ldivmod_helper)
/usr/bin/../lib/gcc/arm-linux-gnueabihf/4.8/libgcc.a(_divdi3.o)
                              /usr/bin/../lib/gcc/arm-linux-gnueabihf/4.8/libgcc.a(bpabi.o) (__divdi3)
/usr/bin/../lib/gcc/arm-linux-gnueabihf/4.8/libgcc.a(_udivdi3.o)
                              /usr/bin/../lib/gcc/arm-linux-gnueabihf/4.8/libgcc.a(bpabi.o) (__udivdi3)

Allocating common symbols
Common symbol       size              file

secondslidefrac     0x4               build/p_map.o
bottomtexture       0x4               build/r_segs.o
curline             0x4               build/r_bsp.o
nodrawers           0x4               build/g_game.o
dccount             0x4               build/r_draw.o
savegamestrings     0xf0              build/m_menu.o
extralight          0x4               build/r_main.o
usergame            0x4               build/g_game.o
casttics            0x4               build/f_finale.o
d_map               0x4               build/g_game.o
displayplayer       0x4               build/g_game.o
sendpause           0x4               build/g_game.o
linecount           0x4               build/r_main.o
netgame             0x4               build/g_game.o
startskill          0x4               build/d_main.o
main_e              0x4               build/m_menu.o
advancedemo         0x4               build/d_main.o
bmaporgy            0x4               build/p_setup.o
activeceilings      0x78              build/p_ceilng.o
rw_x                0x4               build/r_segs.o
slidemo             0x4               build/p_map.o
cachedheight        0x320             build/r_plane.o
switchlist          0x190             build/p_switch.o
levelstarttic       0x4               build/g_game.o
sttminus            0x4               build/st_lib.o
screenvisible       0x4               build/i_video.o
centerxfrac         0x4               build/r_main.o
rw_angle1           0x4               build/r_segs.o
viletryx            0x4               build/p_enemy.o
mceilingclip        0x4               build/r_things.o
sightcounts         0x8               build/p_sight.o
itemOn              0x2               build/m_menu.o
sprtopscreen        0x4               build/r_things.o
topfrac             0x4               build/r_segs.o
nofit               0x4               build/p_map.o
bestslidefrac       0x4               build/p_map.o
intercepts          0x8dc             build/p_maputl.o
bottomslope         0x4               build/p_sight.o
segs                0x4               build/p_setup.o
tmthing             0x4               build/p_map.o
castnum             0x4               build/f_finale.o
newvissprite        0x4               build/r_things.o
ds_y                0x4               build/r_draw.o
deathmatch_p        0x4               build/p_setup.o
pixhigh             0x4               build/r_segs.o
ds_x2               0x4               build/r_draw.o
st_backing_screen   0x4               build/st_stuff.o
visplanes           0x14c00           build/r_plane.o
viewangleoffset     0x4               build/r_main.o
numsubsectors       0x4               build/p_setup.o
mousex              0x4               build/g_game.o
colfunc             0x4               build/r_main.o
saveOldString       0x18              build/m_menu.o
floorplane          0x4               build/r_plane.o
transcolfunc        0x4               build/r_main.o
deathmatchstarts    0x64              build/p_setup.o
lastpatch           0x4               build/r_data.o
scaledviewwidth     0x4               build/r_draw.o
lasttime            0x4               build/d_loop.o
screenheightarray   0x280             build/r_things.o
firstflat           0x4               build/r_data.o
mainzone            0x4               build/z_zone.o
[...]
Memory Configuration

Name             Origin             Length             Attributes
*default*        0x00000000         0xffffffff

Linker script and memory map

LOAD /usr/bin/../lib/gcc/arm-linux-gnueabihf/4.8/../../../arm-linux-gnueabihf/crt1.o
LOAD /usr/bin/../lib/gcc/arm-linux-gnueabihf/4.8/../../../arm-linux-gnueabihf/crti.o
LOAD /usr/bin/../lib/gcc/arm-linux-gnueabihf/4.8/crtbegin.o
LOAD build/button.o
LOAD build/fnd.o
LOAD build/lcdtext.o
LOAD build/led.o
LOAD build/colorled.o
LOAD build/accelMagGyro.o
LOAD build/dummy.o
LOAD build/am_map.o
LOAD build/doomdef.o
LOAD build/doomstat.o
LOAD build/dstrings.o
LOAD build/d_event.o
LOAD build/d_items.o
LOAD build/d_iwad.o
LOAD build/d_loop.o
LOAD build/d_main.o
LOAD build/d_mode.o
LOAD build/d_net.o
LOAD build/f_finale.o
LOAD build/f_wipe.o
LOAD build/g_game.o
LOAD build/hu_lib.o
LOAD build/hu_stuff.o
LOAD build/info.o
LOAD build/i_cdmus.o
LOAD build/i_endoom.o
LOAD build/i_joystick.o
LOAD build/i_scale.o
LOAD build/i_sound.o
LOAD build/i_system.o
LOAD build/i_timer.o
LOAD build/memio.o
LOAD build/m_argv.o
LOAD build/m_bbox.o
LOAD build/m_cheat.o
LOAD build/m_config.o
LOAD build/m_controls.o
LOAD build/m_fixed.o
LOAD build/m_menu.o
LOAD build/m_misc.o
LOAD build/m_random.o
LOAD build/p_ceilng.o
LOAD build/p_doors.o
LOAD build/p_enemy.o
LOAD build/p_floor.o
LOAD build/p_inter.o
LOAD build/p_lights.o
LOAD build/p_map.o
LOAD build/p_maputl.o
LOAD build/p_mobj.o
LOAD build/p_plats.o
LOAD build/p_pspr.o
LOAD build/p_saveg.o
LOAD build/p_setup.o
LOAD build/p_sight.o
LOAD build/p_spec.o
LOAD build/p_switch.o
LOAD build/p_telept.o
LOAD build/p_tick.o
LOAD build/p_user.o
LOAD build/r_bsp.o
LOAD build/r_data.o
LOAD build/r_draw.o
LOAD build/r_main.o
LOAD build/r_plane.o
LOAD build/r_segs.o
LOAD build/r_sky.o
LOAD build/r_things.o
LOAD build/sha1.o
LOAD build/sounds.o
LOAD build/statdump.o
LOAD build/st_lib.o
LOAD build/st_stuff.o
LOAD build/s_sound.o
LOAD build/tables.o
LOAD build/v_video.o
LOAD build/wi_stuff.o
LOAD build/w_checksum.o
LOAD build/w_file.o
LOAD build/w_main.o
LOAD build/w_wad.o
LOAD build/z_zone.o
LOAD build/w_file_stdc.o
LOAD build/i_input.o
LOAD build/i_video.o
LOAD build/doomgeneric.o
LOAD build/doomgeneric_xlib.o
LOAD /usr/bin/../lib/gcc/arm-linux-gnueabihf/4.8/../../../arm-linux-gnueabihf/libm.so
LOAD /usr/bin/../lib/gcc/arm-linux-gnueabihf/4.8/../../../arm-linux-gnueabihf/libc.so
START GROUP
LOAD /lib/arm-linux-gnueabihf/libc.so.6
LOAD /usr/lib/arm-linux-gnueabihf/libc_nonshared.a
LOAD /lib/arm-linux-gnueabihf/ld-linux-armhf.so.3
END GROUP
LOAD /usr/bin/../lib/gcc/arm-linux-gnueabihf/4.8/../../../arm-linux-gnueabihf/libX11.so
LOAD /usr/bin/../lib/gcc/arm-linux-gnueabihf/4.8/libgcc.a
LOAD /usr/bin/../lib/gcc/arm-linux-gnueabihf/4.8/libgcc_s.so
START GROUP
LOAD /usr/bin/../lib/gcc/arm-linux-gnueabihf/4.8/libgcc_s.so.1
LOAD /usr/bin/../lib/gcc/arm-linux-gnueabihf/4.8/libgcc.a
END GROUP
LOAD /usr/bin/../lib/gcc/arm-linux-gnueabihf/4.8/../../../arm-linux-gnueabihf/libpthread.so
START GROUP
LOAD /lib/arm-linux-gnueabihf/libpthread.so.0
LOAD /usr/lib/arm-linux-gnueabihf/libpthread_nonshared.a
END GROUP
LOAD /usr/bin/../lib/gcc/arm-linux-gnueabihf/4.8/../../../arm-linux-gnueabihf/libc.so
START GROUP
LOAD /lib/arm-linux-gnueabihf/libc.so.6
LOAD /usr/lib/arm-linux-gnueabihf/libc_nonshared.a
LOAD /lib/arm-linux-gnueabihf/ld-linux-armhf.so.3
END GROUP
LOAD /usr/bin/../lib/gcc/arm-linux-gnueabihf/4.8/libgcc.a
LOAD /usr/bin/../lib/gcc/arm-linux-gnueabihf/4.8/libgcc_s.so
START GROUP
LOAD /usr/bin/../lib/gcc/arm-linux-gnueabihf/4.8/libgcc_s.so.1
LOAD /usr/bin/../lib/gcc/arm-linux-gnueabihf/4.8/libgcc.a
END GROUP
LOAD /usr/bin/../lib/gcc/arm-linux-gnueabihf/4.8/crtend.o
LOAD /usr/bin/../lib/gcc/arm-linux-gnueabihf/4.8/../../../arm-linux-gnueabihf/crtn.o
                0x00008000                PROVIDE (__executable_start, 0x8000)
                0x00008154                . = (0x8000 + SIZEOF_HEADERS)

.interp         0x00008154       0x19
 *(.interp)
 .interp        0x00008154       0x19 /usr/bin/../lib/gcc/arm-linux-gnueabihf/4.8/../../../arm-linux-gnueabihf/crt1.o

.note.ABI-tag   0x00008170       0x20
 .note.ABI-tag  0x00008170       0x20 /usr/bin/../lib/gcc/arm-linux-gnueabihf/4.8/../../../arm-linux-gnueabihf/crt1.o

.note.gnu.build-id
                0x00008190       0x24
 *(.note.gnu.build-id)
 .note.gnu.build-id
                0x00008190       0x24 linker stubs

.hash
 *(.hash)

.gnu.hash       0x000081b4      0x2a4
 *(.gnu.hash)
 .gnu.hash      0x000081b4      0x2a4 /usr/bin/../lib/gcc/arm-linux-gnueabihf/4.8/../../../arm-linux-gnueabihf/crt1.o

.dynsym         0x00008458      0x5e0
 *(.dynsym)
 .dynsym        0x00008458      0x5e0 /usr/bin/../lib/gcc/arm-linux-gnueabihf/4.8/../../../arm-linux-gnueabihf/crt1.o

.dynstr         0x00008a38      0x393
 *(.dynstr)
 .dynstr        0x00008a38      0x393 /usr/bin/../lib/gcc/arm-linux-gnueabihf/4.8/../../../arm-linux-gnueabihf/crt1.o

.gnu.version    0x00008dcc       0xbc
 *(.gnu.version)
 .gnu.version   0x00008dcc       0xbc /usr/bin/../lib/gcc/arm-linux-gnueabihf/4.8/../../../arm-linux-gnueabihf/crt1.o

.gnu.version_d  0x00008e88        0x0
 *(.gnu.version_d)
 .gnu.version_d
                0x00000000        0x0 /usr/bin/../lib/gcc/arm-linux-gnueabihf/4.8/../../../arm-linux-gnueabihf/crt1.o

.gnu.version_r  0x00008e88       0x50
 *(.gnu.version_r)
 .gnu.version_r
                0x00008e88       0x50 /usr/bin/../lib/gcc/arm-linux-gnueabihf/4.8/../../../arm-linux-gnueabihf/crt1.o

.rel.dyn        0x00008ed8       0x10
 *(.rel.init)
 *(.rel.text .rel.text.* .rel.gnu.linkonce.t.*)
 *(.rel.fini)
 *(.rel.rodata .rel.rodata.* .rel.gnu.linkonce.r.*)
 *(.rel.data.rel.ro .rel.data.rel.ro.* .rel.gnu.linkonce.d.rel.ro.*)
 *(.rel.data .rel.data.* .rel.gnu.linkonce.d.*)
 *(.rel.tdata .rel.tdata.* .rel.gnu.linkonce.td.*)
 *(.rel.tbss .rel.tbss.* .rel.gnu.linkonce.tb.*)
 *(.rel.ctors)
 *(.rel.dtors)
 *(.rel.got)
 .rel.got       0x00008ed8        0x8 /usr/bin/../lib/gcc/arm-linux-gnueabihf/4.8/../../../arm-linux-gnueabihf/crt1.o
 *(.rel.bss .rel.bss.* .rel.gnu.linkonce.b.*)
 .rel.bss       0x00008ee0        0x8 /usr/bin/../lib/gcc/arm-linux-gnueabihf/4.8/../../../arm-linux-gnueabihf/crt1.o
                0x00008ee8                PROVIDE (__rel_iplt_start, .)
 *(.rel.iplt)
 .rel.iplt      0x00000000        0x0 /usr/bin/../lib/gcc/arm-linux-gnueabihf/4.8/../../../arm-linux-gnueabihf/crt1.o
                0x00008ee8                PROVIDE (__rel_iplt_end, .)

.rela.dyn       0x00008ee8        0x0
 *(.rela.init)
 *(.rela.text .rela.text.* .rela.gnu.linkonce.t.*)
 *(.rela.fini)
 *(.rela.rodata .rela.rodata.* .rela.gnu.linkonce.r.*)
 *(.rela.data .rela.data.* .rela.gnu.linkonce.d.*)
 *(.rela.tdata .rela.tdata.* .rela.gnu.linkonce.td.*)
 *(.rela.tbss .rela.tbss.* .rela.gnu.linkonce.tb.*)
 *(.rela.ctors)
 *(.rela.dtors)
 *(.rela.got)
 *(.rela.bss .rela.bss.* .rela.gnu.linkonce.b.*)
                0x00008ee8                PROVIDE (__rela_iplt_start, .)
 *(.rela.iplt)
                0x00008ee8                PROVIDE (__rela_iplt_end, .)

.rel.plt        0x00008ee8      0x280
 *(.rel.plt)
 .rel.plt       0x00008ee8      0x280 /usr/bin/../lib/gcc/arm-linux-gnueabihf/4.8/../../../arm-linux-gnueabihf/crt1.o

.rela.plt
 *(.rela.plt)

.init           0x00009168        0xc
 *(SORT(.init))
 .init          0x00009168        0x8 /usr/bin/../lib/gcc/arm-linux-gnueabihf/4.8/../../../arm-linux-gnueabihf/crti.o
                0x00009168                _init
 .init          0x00009170        0x4 /usr/bin/../lib/gcc/arm-linux-gnueabihf/4.8/../../../arm-linux-gnueabihf/crtn.o

.plt            0x00009174      0x3d4
 *(.plt)
 .plt           0x00009174      0x3d4 /usr/bin/../lib/gcc/arm-linux-gnueabihf/4.8/../../../arm-linux-gnueabihf/crt1.o
                0x00009188                calloc@@GLIBC_2.4
                0x00009194                strstr@@GLIBC_2.4
                0x000091a0                raise@@GLIBC_2.4
                0x000091ac                strcmp@@GLIBC_2.4
                0x000091b8                strtol@@GLIBC_2.4
                0x000091c4                __aeabi_memcpy@@GLIBC_2.4
                0x000091d0                dprintf@@GLIBC_2.4
                0x000091dc                printf@@GLIBC_2.4
                0x000091e8                __isoc99_fscanf@@GLIBC_2.7
                0x000091f4                fopen@@GLIBC_2.4
                0x00009200                read@@GLIBC_2.4
                0x0000920c                fflush@@GLIBC_2.4
                0x00009218                free@@GLIBC_2.4
                0x00009224                fgets@@GLIBC_2.4
                0x00009230                XPending
                0x0000923c                tolower@@GLIBC_2.4
                0x00009248                time@@GLIBC_2.4
                0x00009254                ftell@@GLIBC_2.4
                0x00009260                sleep@@GLIBC_2.4
                0x0000926c                strdup@@GLIBC_2.4
                0x00009278                XkbSetDetectableAutoRepeat
                0x00009284                realloc@@GLIBC_2.4
                0x00009290                strcasecmp@@GLIBC_2.4
                0x0000929c                perror@@GLIBC_2.4
                0x000092a8                fwrite@@GLIBC_2.4
                0x000092b4                usleep@@GLIBC_2.4
                0x000092c0                __aeabi_memset@@GLIBC_2.4
                0x000092cc                gettimeofday@@GLIBC_2.4
                0x000092d8                fread@@GLIBC_2.4
                0x000092e4                pthread_create@@GLIBC_2.4
                0x000092f0                puts@@GLIBC_2.4
                0x000092fc                malloc@@GLIBC_2.4
                0x00009308                __libc_start_main@@GLIBC_2.4
                0x00009314                system@@GLIBC_2.4
                0x00009320                XOpenDisplay
                0x0000932c                msgrcv@@GLIBC_2.4
                0x00009338                localtime@@GLIBC_2.4
                0x00009344                __ctype_toupper_loc@@GLIBC_2.4
                0x0000935c                open@@GLIBC_2.4
                0x00009368                rename@@GLIBC_2.4
                0x00009374                exit@@GLIBC_2.4
                0x00009380                feof@@GLIBC_2.4
                0x0000938c                strlen@@GLIBC_2.4
                0x00009398                fprintf@@GLIBC_2.4
                0x000093a4                XNextEvent
                0x000093b0                __errno_location@@GLIBC_2.4
                0x000093bc                strncasecmp@@GLIBC_2.4
                0x000093c8                snprintf@@GLIBC_2.4
                0x000093d4                __isoc99_sscanf@@GLIBC_2.7
                0x000093e0                mkdir@@GLIBC_2.4
                0x000093ec                XChangeProperty
                0x000093f8                putchar@@GLIBC_2.4
                0x00009404                strncpy@@GLIBC_2.4
                0x00009410                XSelectInput
                0x0000941c                write@@GLIBC_2.4
                0x00009428                memchr@@GLIBC_2.4
                0x00009434                fclose@@GLIBC_2.4
                0x00009440                XCreateGC
                0x0000944c                XCreateSimpleWindow
                0x00009458                XSetForeground
                0x00009464                toupper@@GLIBC_2.4
                0x00009470                strrchr@@GLIBC_2.4
                0x0000947c                vfprintf@@GLIBC_2.4
                0x00009488                pthread_join@@GLIBC_2.4
                0x00009494                XPutImage
                0x000094a0                XMapWindow
                0x000094ac                sprintf@@GLIBC_2.4
                0x000094b8                remove@@GLIBC_2.4
                0x000094c4                vsnprintf@@GLIBC_2.4
                0x000094d0                atoi@@GLIBC_2.4
                0x000094dc                msgget@@GLIBC_2.4
                0x000094e8                atof@@GLIBC_2.4
                0x000094f4                fseek@@GLIBC_2.4
                0x00009500                XCreateImage
                0x0000950c                msgsnd@@GLIBC_2.4
                0x00009518                strncmp@@GLIBC_2.4
                0x00009524                abort@@GLIBC_2.4
                0x00009530                XkbKeycodeToKeysym
                0x0000953c                close@@GLIBC_2.4

.iplt           0x00009548        0x0
 *(.iplt)
 .iplt          0x00000000        0x0 /usr/bin/../lib/gcc/arm-linux-gnueabihf/4.8/../../../arm-linux-gnueabihf/crt1.o

.text           0x00009548    0x31008
 *(.text.unlikely .text.*_unlikely .text.unlikely.*)
 *(.text.exit .text.exit.*)
 *(.text.startup .text.startup.*)
 *(.text.hot .text.hot.*)
 *(.text .stub .text.* .gnu.linkonce.t.*)
 .text          0x00009548       0x30 /usr/bin/../lib/gcc/arm-linux-gnueabihf/4.8/../../../arm-linux-gnueabihf/crt1.o
                0x00009548                _start
 .text          0x00009578       0x24 /usr/bin/../lib/gcc/arm-linux-gnueabihf/4.8/../../../arm-linux-gnueabihf/crti.o
 .text          0x0000959c       0x88 /usr/bin/../lib/gcc/arm-linux-gnueabihf/4.8/crtbegin.o
 .text          0x00009624      0x284 build/button.o
                0x00009624                buttonInit
                0x000096b4                probeButtonPath
                0x000097fc                buttonThFunc
                0x00009878                buttonExit
 .text          0x000098a8      0x53c build/fnd.o
                0x000098a8                fnd
                0x00009968                fndDisp
                0x00009b14                fndDisp_ch
                0x00009bac                fndDisp_canoff
                0x00009d5c                fndOff
 .text          0x00009de4      0x1ac build/lcdtext.o
                0x00009de4                txtlcd_Init
                0x00009e4c                lcdtextwrite
                0x00009f38                txtlcd_off
 .text          0x00009f90      0x17c build/led.o
                0x00009f90                ledOnOff
                0x00009fd8                ledLibInit
                0x0000a010                ledStatus
                0x0000a020                ledLibExit
                0x0000a06c                ledRead
 .text          0x0000a10c      0x3e8 build/colorled.o
                0x0000a10c                pwmActiveAll
                0x0000a19c                pwmInactiveAll
                0x0000a22c                pwmSetDuty
                0x0000a28c                pwmSetPeriod
                0x0000a2ec                pwmSetPercent
                0x0000a344                pwmStartAll
                0x0000a3d4                pwmLedInit
 .text          0x0000a4f4      0x1a4 build/accelMagGyro.o
                0x0000a4f4                getAccel
                0x0000a580                getMagnet
                0x0000a60c                getGyro
 .text          0x0000a698     0x1ddc build/am_map.o
                0x0000a698                AM_getIslope
                0x0000a710                AM_activateNewScale
                0x0000a7ac                AM_saveScaleAndLoc
                0x0000a7d8                AM_restoreScaleAndLoc
                0x0000a880                AM_addMark
                0x0000a8e0                AM_findMinMaxBoundaries
                0x0000aa04                AM_changeWindowLoc
                0x0000aab8                AM_initVariables
                0x0000ac08                AM_loadPics
                0x0000ac68                AM_unloadPics
                0x0000acb4                AM_clearMarks
                0x0000ace8                AM_LevelInit
                0x0000ad78                AM_Stop
                0x0000adbc                AM_Start
                0x0000ae68                AM_minOutWindowScale
                0x0000aea4                AM_maxOutWindowScale
                0x0000aee0                AM_Responder
                0x0000b43c                AM_changeWindowScale
                0x0000b4a8                AM_doFollowPlayer
                0x0000b57c                AM_updateLightLev
                0x0000b5e4                AM_Ticker
                0x0000b64c                AM_clearFB
                0x0000b68c                AM_clipMline
                0x0000ba78                AM_drawFline
                0x0000bc04                AM_drawMline
                0x0000bc3c                AM_drawGrid
                0x0000bd54                AM_drawWalls
                0x0000beb8                AM_rotate
                0x0000bf48                AM_drawLineCharacter
                0x0000c0a8                AM_drawPlayers
                0x0000c1f4                AM_drawThings
                0x0000c2a0                AM_drawMarks
                0x0000c36c                AM_drawCrosshair
                0x0000c3a0                AM_Drawer
 .text          0x0000c474       0x90 build/d_event.o
                0x0000c474                D_PostEvent
                0x0000c4c4                D_PopEvent
 .text          0x0000c504      0x50c build/d_iwad.o
                0x0000c504                D_FindWADByName
                0x0000c674                D_TryFindWADByName
                0x0000c698                D_FindIWAD
                0x0000c8bc                D_FindAllIWADs
                0x0000c930                D_SaveGameIWADName
                0x0000c970                D_SuggestIWADName
                0x0000c9bc                D_SuggestGameName
 .text          0x0000ca10      0x800 build/d_loop.o
                0x0000ca10                NetUpdate
                0x0000cc38                D_ReceiveTic
                0x0000cd10                D_StartGameLoop
                0x0000cd84                D_StartNetGame
                0x0000cdd4                D_InitNetGame
                0x0000ce10                D_QuitNetGame
                0x0000ce14                TryRunTics
                0x0000d200                D_RegisterLoopCallbacks
 .text          0x0000d210     0x196c build/d_main.o
                0x0000d210                D_ProcessEvents
                0x0000d268                D_Display
                0x0000d6b0                D_PageDrawer
                0x0000d6e0                D_BindVariables
                0x0000d850                D_GrabMouseCallback
                0x0000d8c8                doomgeneric_Tick
                0x0000d910                D_DoomLoop
                0x0000da00                D_PageTicker
                0x0000da2c                D_AdvanceDemo
                0x0000da40                D_DoAdvanceDemo
                0x0000dca4                D_StartTitle
                0x0000dcd8                D_IdentifyVersion
                0x0000deb0                D_SetGameDescription
                0x0000dfd4                PrintDehackedBanners
                0x0000dfd8                PrintGameVersion
                0x0000e034                D_DoomMain
 .text          0x0000eb7c      0x1e4 build/d_mode.o
                0x0000eb7c                D_ValidGameMode
                0x0000ebc4                D_ValidEpisodeMap
                0x0000ec7c                D_GetNumEpisodes
                0x0000ecc0                D_ValidGameVersion
                0x0000ed14                D_IsEpisodeMap
                0x0000ed40                D_GameMissionString
 .text          0x0000ed60      0x4b4 build/d_net.o
                0x0000ed60                D_ConnectNetGame
                0x0000ee74                D_CheckNetGame
 .text          0x0000f214      0xeb4 build/f_finale.o
                0x0000f214                F_StartFinale
                0x0000f368                F_Responder
                0x0000f398                F_CastResponder
                0x0000f46c                F_Ticker
                0x0000f594                F_StartCast
                0x0000f658                F_CastTicker
                0x0000fb00                F_TextWrite
                0x0000fc4c                F_CastPrint
                0x0000fd14                F_CastDrawer
                0x0000fde0                F_DrawPatchCol
                0x0000fe70                F_BunnyScroll
                0x0000fffc                F_Drawer
 .text          0x000100c8      0x554 build/f_wipe.o
                0x000100c8                wipe_shittyColMajorXform
                0x00010170                wipe_initColorXForm
                0x00010194                wipe_doColorXForm
                0x00010224                wipe_exitColorXForm
                0x0001022c                wipe_initMelt
                0x00010328                wipe_doMelt
                0x00010490                wipe_exitMelt
                0x000104c8                wipe_StartScreen
                0x000104f8                wipe_EndScreen
                0x0001055c                wipe_ScreenWipe
 .text          0x0001061c     0x30e0 build/g_game.o
                0x0001061c                G_CmdChecksum
                0x00010640                G_BuildTiccmd
                0x00010f48                G_DoLoadLevel
                0x00011198                G_Responder
                0x000115b8                G_Ticker
                0x00011a7c                G_DoReborn
                0x00011b70                G_DoNewGame
                0x00011c30                G_DoLoadGame
                0x00011d24                G_DoSaveGame
                0x00011e94                G_DoPlayDemo
                0x00012214                G_DoCompleted
                0x000125e0                G_DoWorldDone
                0x00012640                G_ReadDemoTiccmd
                0x000126dc                G_WriteDemoTiccmd
                0x00012850                G_InitPlayer
                0x00012860                G_PlayerReborn
                0x00012908                G_PlayerFinishLevel
                0x00012958                G_CheckSpot
                0x00012c04                G_DeathMatchSpawnPlayer
                0x00012cc4                G_ScreenShot
                0x00012cd8                G_ExitLevel
                0x00012cfc                G_SecretExitLevel
                0x00012d58                G_WorldDone
                0x00012e00                G_LoadGame
                0x00012e30                G_InitNew
                0x0001310c                G_SaveGame
                0x00013140                G_DeferedInitNew
                0x0001317c                G_CheckDemoStatus
                0x00013344                G_RecordDemo
                0x0001341c                G_VanillaVersionCode
                0x0001348c                G_BeginRecording
                0x00013674                G_DeferedPlayDemo
                0x00013694                G_TimeDemo
 .text          0x000136fc      0x78c build/hu_lib.o
                0x000136fc                HUlib_init
                0x00013700                HUlib_clearTextLine
                0x00013718                HUlib_initTextLine
                0x00013738                HUlib_addCharToTextLine
                0x00013778                HUlib_delCharFromTextLine
                0x000137b0                HUlib_drawTextLine
                0x00013894                HUlib_eraseTextLine
                0x00013990                HUlib_initSText
                0x00013a28                HUlib_addLineToSText
                0x00013a88                HUlib_addMessageToSText
                0x00013b68                HUlib_drawSText
                0x00013bd4                HUlib_eraseSText
                0x00013c40                HUlib_initIText
                0x00013c74                HUlib_delCharFromIText
                0x00013ca8                HUlib_eraseLineFromIText
                0x00013cfc                HUlib_resetIText
                0x00013d18                HUlib_addPrefixToIText
                0x00013d74                HUlib_keyInIText
                0x00013e1c                HUlib_drawIText
                0x00013e3c                HUlib_eraseIText
 .text          0x00013e88      0x9b4 build/hu_stuff.o
                0x00013e88                HU_Init
                0x00013ee4                HU_Stop
                0x00013ef8                HU_Start
                0x00014150                HU_Drawer
                0x0001419c                HU_Erase
                0x000141d0                HU_Ticker
                0x000143b8                HU_queueChatChar
                0x000143f8                HU_dequeueChatChar
                0x0001442c                HU_Responder
 .text          0x0001483c        0x4 build/i_endoom.o
                0x0001483c                I_Endoom
 .text          0x00014840       0xf4 build/i_joystick.o
                0x00014840                I_ShutdownJoystick
                0x00014844                I_InitJoystick
                0x00014848                I_UpdateJoystick
                0x0001484c                I_BindJoystickVariables
 .text          0x00014934      0x160 build/i_sound.o
                0x00014934                I_InitSound
                0x00014964                I_ShutdownSound
                0x00014968                I_GetSfxLumpNum
                0x00014970                I_UpdateSound
                0x00014974                I_UpdateSoundParams
                0x00014978                I_StartSound
                0x00014980                I_StopSound
                0x00014984                I_SoundIsPlaying
                0x0001498c                I_PrecacheSounds
                0x00014990                I_InitMusic
                0x00014994                I_ShutdownMusic
                0x00014998                I_SetMusicVolume
                0x0001499c                I_PauseSong
                0x000149a0                I_ResumeSong
                0x000149a4                I_RegisterSong
                0x000149ac                I_UnRegisterSong
                0x000149b0                I_PlaySong
                0x000149b4                I_StopSong
                0x000149b8                I_MusicIsPlaying
                0x000149c0                I_BindSoundVariables
 .text          0x00014a94      0x5c0 build/i_system.o
                0x00014a94                I_AtExit
                0x00014acc                I_Tactile
                0x00014ad0                I_ZoneBase
                0x00014b74                I_PrintBanner
                0x00014bb0                I_PrintDivider
                0x00014be0                I_PrintStartupBanner
                0x00014c18                I_ConsoleStdout
                0x00014c20                I_Quit
                0x00014c58                I_Error
                0x00014e70                I_GetMemoryValue
 .text          0x00015054       0x98 build/i_timer.o
                0x00015054                I_GetTicks
                0x00015064                I_GetTime
                0x000150a8                I_GetTimeMS
                0x000150d4                I_Sleep
                0x000150e4                I_WaitVBL
                0x000150e8                I_InitTimer
 .text          0x000150ec       0xe0 build/m_argv.o
                0x000150ec                M_CheckParmWithArgs
                0x0001515c                M_ParmExists
                0x00015178                M_CheckParm
                0x0001518c                M_FindResponseFile
                0x00015190                M_GetExecutableName
 .text          0x000151cc       0x58 build/m_bbox.o
                0x000151cc                M_ClearBox
                0x000151e4                M_AddToBox
 .text          0x00015224       0xf4 build/m_cheat.o
                0x00015224                cht_CheckCheat
                0x000152f8                cht_GetParam
 .text          0x00015318      0x488 build/m_config.o
                0x00015318                M_SetConfigFilenames
                0x00015328                M_SaveDefaults
                0x0001532c                M_SaveDefaultsAlternate
                0x00015330                M_LoadDefaults
                0x00015428                M_BindVariable
                0x000154a4                M_SetVariable
                0x00015570                M_GetIntVariable
                0x000155a8                M_GetStrVariable
                0x000155e0                M_GetFloatVariable
                0x00015618                M_SetConfigDir
                0x00015684                M_GetSaveGameDir
 .text          0x000157a0      0xa04 build/m_controls.o
                0x000157a0                M_BindBaseControls
                0x000159c8                M_BindHereticControls
                0x00015a88                M_BindHexenControls
                0x00015b70                M_BindStrifeControls
                0x00015d04                M_BindWeaponControls
                0x00015e28                M_BindMapControls
                0x00015f24                M_BindMenuControls
                0x00016124                M_BindChatControls
                0x000161a0                M_ApplyPlatformDefaults
 .text          0x000161a4       0x70 build/m_fixed.o
                0x000161a4                FixedMul
                0x000161b4                FixedDiv
 .text          0x00016214     0x297c build/m_menu.o
                0x00016214                M_NewGame
                0x00016300                M_Options
                0x00016328                M_LoadGame
                0x000163d0                M_SaveGame
                0x0001648c                M_ReadThis
                0x000164b4                M_QuitDOOM
                0x00016584                M_DrawMainMenu
                0x000165b0                M_Episode
                0x000166b4                M_DrawEpisode
                0x000166e0                M_ChooseSkill
                0x00016778                M_DrawNewGame
                0x000167c4                M_EndGame
                0x00016898                M_ChangeMessages
                0x000168f8                M_ChangeDetail
                0x0001696c                M_SizeDisplay
                0x000169f8                M_ChangeSensitivity
                0x00016a40                M_Sound
                0x00016a68                M_DrawOptions
                0x00016b5c                M_ReadThis2
                0x00016bcc                M_DrawReadThis1
                0x00016cbc                M_FinishReadThis
                0x00016ce4                M_DrawReadThis2
                0x00016d20                M_SfxVol
                0x00016d88                M_MusicVol
                0x00016df0                M_DrawSound
                0x00016e74                M_LoadSelect
                0x00016eb8                M_DrawLoad
                0x00016f34                M_SaveSelect
                0x00016fbc                M_DrawSave
                0x00017084                M_ReadSaveStrings
                0x0001713c                M_DrawSaveLoadBorder
                0x000171c8                M_WriteText
                0x00017260                M_ClearMenus
                0x00017274                M_StartMessage
                0x000172cc                M_SetupNextMenu
                0x000172ec                M_StringWidth
                0x0001737c                M_DoSave
                0x000173d0                M_QuickSaveResponse
                0x0001743c                M_QuickSave
                0x00017588                M_StartControlPanel
                0x000175cc                M_QuickLoadResponse
                0x00017608                M_QuickLoad
                0x00017754                M_DrawThermo
                0x00017824                M_VerifyNightmare
                0x00017870                M_EndGameResponse
                0x000178c0                M_QuitResponse
                0x00017940                M_DrawEmptyCell
                0x0001797c                M_DrawSelCell
                0x000179b8                M_StopMessage
                0x000179e4                M_StringHeight
                0x00017a58                M_Responder
                0x000187cc                M_Drawer
                0x00018a24                M_Ticker
                0x00018a64                M_Init
 .text          0x00018b90      0x7dc build/m_misc.o
                0x00018b90                M_MakeDirectory
                0x00018ba8                M_FileExists
                0x00018be8                M_FileLength
                0x00018c38                M_WriteFile
                0x00018c9c                M_ReadFile
                0x00018d2c                M_TempFile
                0x00018d54                M_StringJoin
                0x00018e58                M_StrToInt
                0x00018eec                M_ExtractFileBase
                0x00018f94                M_ForceUppercase
                0x00018fd8                M_StrCaseStr
                0x0001904c                M_StringDuplicate
                0x00019088                M_StringReplace
                0x000191a8                M_StringCopy
                0x00019200                M_StringConcat
                0x00019240                M_StringStartsWith
                0x00019298                M_StringEndsWith
                0x000192f4                M_vsnprintf
                0x0001933c                M_snprintf
 .text          0x0001936c       0x70 build/m_random.o
                0x0001936c                P_Random
                0x00019394                M_Random
                0x000193bc                M_ClearRandom
 .text          0x000193dc      0x480 build/p_ceilng.o
                0x000193dc                T_MoveCeiling
                0x00019580                P_RemoveActiveCeiling
                0x000195d4                EV_DoCeiling
                0x0001976c                P_ActivateInStasisCeiling
                0x000197c4                P_AddActiveCeiling
                0x000197f4                EV_CeilingCrushStop
 .text          0x0001985c      0x870 build/p_doors.o
                0x0001985c                T_VerticalDoor
                0x00019a74                EV_DoLockedDoor
                0x00019b5c                EV_DoDoor
                0x00019d24                EV_VerticalDoor
                0x00019fdc                P_SpawnDoorCloseIn30
                0x0001a044                P_SpawnDoorRaiseIn5Mins
 .text          0x0001a0cc     0x25b8 build/p_enemy.o
                0x0001a0cc                P_RecursiveSound
                0x0001a1d0                P_NoiseAlert
                0x0001a20c                P_CheckMeleeRange
                0x0001a280                P_CheckMissileRange
                0x0001a390                P_Move
                0x0001a4e4                P_TryWalk
                0x0001a520                P_NewChaseDir
                0x0001a714                P_LookForPlayers
                0x0001a818                A_KeenDie
                0x0001a8a8                A_Fall
                0x0001a8b8                A_Look
                0x0001a9b8                A_Chase
                0x0001ac1c                A_FaceTarget
                0x0001ac88                A_PosAttack
                0x0001ad2c                A_SPosAttack
                0x0001addc                A_CPosAttack
                0x0001ae80                A_CPosRefire
                0x0001aee0                A_SpidRefire
                0x0001af40                A_BspiAttack
                0x0001af7c                A_TroopAttack
                0x0001b004                A_SargAttack
                0x0001b07c                A_HeadAttack
                0x0001b104                A_CyberAttack
                0x0001b140                A_BruisAttack
                0x0001b1c8                A_SkelMissile
                0x0001b244                A_Tracer
                0x0001b3e4                A_SkelWhoosh
                0x0001b41c                A_SkelFist
                0x0001b49c                PIT_VileCheck
                0x0001b56c                A_VileChase
                0x0001b700                A_VileStart
                0x0001b714                A_StartFire
                0x0001b73c                A_Fire
                0x0001b7dc                A_FireCrackle
                0x0001b804                A_VileTarget
                0x0001b85c                A_VileAttack
                0x0001b938                A_FatRaise
                0x0001b960                A_FatAttack1
                0x0001ba04                A_FatAttack2
                0x0001baa8                A_FatAttack3
                0x0001bb88                A_SkullAttack
                0x0001bc68                A_PainShootSkull
                0x0001bd98                A_PainAttack
                0x0001bdd0                A_PainDie
                0x0001be24                A_Scream
                0x0001bebc                A_XScream
                0x0001bed0                A_Pain
                0x0001bef0                A_Explode
                0x0001bf08                A_BossDeath
                0x0001c1ac                A_Hoof
                0x0001c1d4                A_Metal
                0x0001c1fc                A_BabyMetal
                0x0001c224                A_OpenShotgun2
                0x0001c23c                A_LoadShotgun2
                0x0001c254                A_CloseShotgun2
                0x0001c280                A_BrainAwake
                0x0001c30c                A_BrainPain
                0x0001c324                A_BrainScream
                0x0001c3c4                A_BrainExplode
                0x0001c450                A_BrainDie
                0x0001c460                A_BrainSpit
                0x0001c520                A_SpawnSound
                0x0001c548                A_SpawnFly
                0x0001c64c                A_PlayerScream
 .text          0x0001c684      0x894 build/p_floor.o
                0x0001c684                T_MovePlane
                0x0001c7f0                T_MoveFloor
                0x0001c8bc                EV_DoFloor
                0x0001cd1c                EV_BuildStairs
 .text          0x0001cf18     0x1100 build/p_inter.o
                0x0001cf18                P_GiveAmmo
                0x0001d074                P_GiveWeapon
                0x0001d1a4                P_GiveBody
                0x0001d1d8                P_GiveArmor
                0x0001d200                P_GiveCard
                0x0001d224                P_GivePower
                0x0001d300                P_TouchSpecialThing
                0x0001daa4                P_KillMobj
                0x0001dcd4                P_DamageMobj
 .text          0x0001e018      0x520 build/p_lights.o
                0x0001e018                T_FireFlicker
                0x0001e074                P_SpawnFireFlicker
                0x0001e0d4                T_LightFlash
                0x0001e13c                P_SpawnLightFlash
                0x0001e1b0                T_StrobeFlash
                0x0001e1f4                P_SpawnStrobeFlash
                0x0001e290                EV_StartLightStrobing
                0x0001e2f8                EV_TurnTagLightsOff
                0x0001e39c                EV_LightTurnOn
                0x0001e450                T_Glow
                0x0001e4d0                P_SpawnGlowingLight
 .text          0x0001e538     0x1b58 build/p_map.o
                0x0001e538                PIT_StompThing
                0x0001e5f4                P_TeleportMove
                0x0001e7dc                PIT_CheckLine
                0x0001ea1c                PIT_CheckThing
                0x0001ec08                P_CheckPosition
                0x0001ee44                P_TryMove
                0x0001eff8                P_ThingHeightClip
                0x0001f07c                P_HitSlideLine
                0x0001f188                PTR_SlideTraverse
                0x0001f29c                P_SlideMove
                0x0001f4ec                PTR_AimTraverse
                0x0001f6f0                PTR_ShootTraverse
                0x0001faa0                P_AimLineAttack
                0x0001fb98                P_LineAttack
                0x0001fc5c                PTR_UseTraverse
                0x0001fce4                P_UseLines
                0x0001fd5c                PIT_RadiusAttack
                0x0001fe18                P_RadiusAttack
                0x0001fee4                PIT_ChangeSector
                0x0001fff8                P_ChangeSector
 .text          0x00020090      0xdf0 build/p_maputl.o
                0x00020090                P_AproxDistance
                0x000200b8                P_PointOnLineSide
                0x0002015c                P_BoxOnLineSide
                0x00020260                P_PointOnDivlineSide
                0x00020338                P_MakeDivline
                0x00020360                P_InterceptVector
                0x000203ec                P_LineOpening
                0x00020470                P_UnsetThingPosition
                0x00020558                P_SetThingPosition
                0x0002065c                P_BlockLinesIterator
                0x00020740                P_BlockThingsIterator
                0x000207c8                PIT_AddLineIntercepts
                0x00020970                PIT_AddThingIntercepts
                0x00020a78                P_TraverseIntercepts
                0x00020b34                P_PathTraverse
 .text          0x00020e80     0x13d8 build/p_mobj.o
                0x00020e80                P_SetMobjState
                0x00020f0c                P_RemoveMobj
                0x00020fcc                P_ExplodeMissile
                0x00021054                P_XYMovement
                0x00021320                P_ZMovement
                0x00021528                P_NightmareRespawn
                0x00021648                P_SpawnMobj
                0x00021788                P_MobjThinker
                0x00021888                P_RespawnSpecials
                0x000219fc                P_SpawnPlayer
                0x00021b80                P_SpawnMapThing
                0x00021e40                P_SpawnPuff
                0x00021ec4                P_SpawnBlood
                0x00021f60                P_CheckMissileSpawn
                0x00021fdc                P_SubstNullMobj
                0x00022004                P_SpawnMissile
                0x0002212c                P_SpawnPlayerMissile
 .text          0x00022258      0x534 build/p_plats.o
                0x00022258                T_PlatRaise
                0x000223dc                P_RemoveActivePlat
                0x0002243c                EV_DoPlat
                0x000226a0                P_ActivateInStasis
                0x000226f4                P_AddActivePlat
                0x00022738                EV_StopPlat
 .text          0x0002278c      0xedc build/p_pspr.o
                0x0002278c                P_SetPsprite
                0x00022844                P_CalcSwing
                0x000228b8                P_BringUpWeapon
                0x00022928                P_CheckAmmo
                0x00022ab0                P_FireWeapon
                0x00022b10                P_DropWeapon
                0x00022b3c                A_WeaponReady
                0x00022c98                A_ReFire
                0x00022ce8                A_CheckReload
                0x00022cf8                A_Lower
                0x00022d58                A_Raise
                0x00022da0                A_GunFlash
                0x00022de8                A_Punch
                0x00022ec0                A_Saw
                0x00023010                A_FireMissile
                0x00023050                A_FireBFG
                0x00023090                A_FirePlasma
                0x000230fc                P_BulletSlope
                0x00023170                P_GunShot
                0x000231f0                A_FirePistol
                0x00023284                A_FireShotgun
                0x00023310                A_FireShotgun2
                0x00023410                A_FireCGun
                0x000234f0                A_Light0
                0x000234fc                A_Light1
                0x00023508                A_Light2
                0x00023514                A_BFGSpray
                0x000235bc                A_BFGsound
                0x000235d4                P_SetupPsprites
                0x00023604                P_MovePsprites
 .text          0x00023668     0x1bf0 build/p_saveg.o
                0x00023668                P_TempSaveGameFile
                0x000236b0                P_SaveGameFile
                0x00023738                P_WriteSaveGameHeader
                0x000238c4                P_ReadSaveGameHeader
                0x00023a48                P_ReadSaveGameEOF
                0x00023a68                P_WriteSaveGameEOF
                0x00023a7c                P_ArchivePlayers
                0x00023dac                P_UnArchivePlayers
                0x000240f8                P_ArchiveWorld
                0x000242e4                P_UnArchiveWorld
                0x000244e4                P_ArchiveThinkers
                0x00024720                P_UnArchiveThinkers
                0x000249d0                P_ArchiveSpecials
                0x00024d58                P_UnArchiveSpecials
 .text          0x00025258     0x1268 build/p_setup.o
                0x00025258                P_LoadVertexes
                0x00025300                GetSectorAtNullAddress
                0x00025360                P_LoadSegs
                0x0002554c                P_LoadSubsectors
                0x0002560c                P_LoadSectors
                0x00025728                P_LoadNodes
                0x00025894                P_LoadThings
                0x000259a0                P_LoadLineDefs
                0x00025c04                P_LoadSideDefs
                0x00025d24                P_LoadBlockMap
                0x00025de8                P_GroupLines
                0x00026128                P_SetupLevel
                0x000264a0                P_Init
 .text          0x000264c0      0x5f0 build/p_sight.o
                0x000264c0                P_DivlineSide
                0x00026578                P_InterceptVector2
                0x00026604                P_CrossSubsector
                0x00026868                P_CrossBSPNode
                0x00026938                P_CheckSight
 .text          0x00026ab0     0x15e8 build/p_spec.o
                0x00026ab0                P_InitPicAnims
                0x00026bb8                getSide
                0x00026bf4                getSector
                0x00026c34                twoSided
                0x00026c5c                getNextSector
                0x00026c80                P_FindLowestFloorSurrounding
                0x00026ce0                P_FindHighestFloorSurrounding
                0x00026d50                P_FindNextHighestFloor
                0x00026e30                P_FindLowestCeilingSurrounding
                0x00026e94                P_FindHighestCeilingSurrounding
                0x00026ef8                P_FindSectorFromLineTag
                0x00026f4c                P_FindMinSurroundingLight
                0x00026fa8                P_CrossSpecialLine
                0x000276a4                P_ShootSpecialLine
                0x00027740                P_PlayerInSpecialSector
                0x000278cc                P_UpdateSpecials
                0x00027afc                EV_DoDonut
                0x00027e00                P_SpawnSpecials
 .text          0x00028098      0x884 build/p_switch.o
                0x00028098                P_InitSwitchList
                0x00028148                P_StartButton
                0x000281e4                P_ChangeSwitchTexture
                0x00028364                P_UseSpecialLine
 .text          0x0002891c      0x1e0 build/p_telept.o
                0x0002891c                EV_Teleport
 .text          0x00028afc      0x180 build/p_tick.o
                0x00028afc                P_InitThinkers
                0x00028b10                P_AddThinker
                0x00028b30                P_RemoveThinker
                0x00028b3c                P_AllocateThinker
                0x00028b40                P_RunThinkers
                0x00028ba4                P_Ticker
 .text          0x00028c7c      0x644 build/p_user.o
                0x00028c7c                P_Thrust
                0x00028cf0                P_CalcHeight
                0x00028e40                P_MovePlayer
                0x00028f18                P_DeathThink
                0x00029018                P_PlayerThink
 .text          0x000292c0      0x76c build/r_bsp.o
                0x000292c0                R_ClearDrawSegs
                0x000292d8                R_ClipSolidWallSegment
                0x00029470                R_ClipPassWallSegment
                0x000294f8                R_ClearClipSegs
                0x0002953c                R_AddLine
                0x000296c8                R_CheckBBox
                0x00029858                R_Subsector
                0x00029990                R_RenderBSPNode
 .text          0x00029a2c     0x12d8 build/r_data.o
                0x00029a2c                R_DrawColumnInCache
                0x00029aa4                R_GenerateComposite
                0x00029c4c                R_GenerateLookup
                0x00029eb8                R_GetColumn
                0x00029f54                R_InitTextures
                0x0002a594                R_InitFlats
                0x0002a638                R_InitSpriteLumps
                0x0002a77c                R_InitColormaps
                0x0002a7a8                R_InitData
                0x0002a7f8                R_FlatNumForName
                0x0002a888                R_CheckTextureNumForName
                0x0002a90c                R_TextureNumForName
                0x0002a940                R_PrecacheLevel
 .text          0x0002ad04      0xe98 build/r_draw.o
                0x0002ad04                R_DrawColumn
                0x0002ae08                R_DrawColumnLow
                0x0002af20                R_DrawFuzzColumn
                0x0002b03c                R_DrawFuzzColumnLow
                0x0002b180                R_DrawTranslatedColumn
                0x0002b28c                R_DrawTranslatedColumnLow
                0x0002b3c8                R_InitTranslationTables
                0x0002b46c                R_DrawSpan
                0x0002b578                R_DrawSpanLow
                0x0002b6a4                R_InitBuffer
                0x0002b73c                R_FillBackScreen
                0x0002ba48                R_VideoErase
                0x0002ba84                R_DrawViewBorder
 .text          0x0002bb9c      0xd04 build/r_main.o
                0x0002bb9c                R_AddPointToBox
                0x0002bbd0                R_PointOnSide
                0x0002bca8                R_PointOnSegSide
                0x0002bd78                R_PointToAngle
                0x0002becc                R_PointToAngle2
                0x0002befc                R_PointToDist
                0x0002bf98                R_InitPointToAngle
                0x0002bf9c                R_ScaleFromGlobalAngle
                0x0002c04c                R_InitTables
                0x0002c050                R_InitTextureMapping
                0x0002c1c0                R_InitLightTables
                0x0002c248                R_SetViewSize
                0x0002c278                R_ExecuteSetViewSize
                0x0002c5d0                R_Init
                0x0002c670                R_PointInSubsector
                0x0002c708                R_SetupFrame
                0x0002c854                R_RenderPlayerView
 .text          0x0002c8a0      0x9b8 build/r_plane.o
                0x0002c8a0                R_InitPlanes
                0x0002c8a4                R_MapPlane
                0x0002cb0c                R_ClearPlanes
                0x0002cc1c                R_FindPlane
                0x0002ccfc                R_CheckPlane
                0x0002cdbc                R_MakeSpans
                0x0002cf40                R_DrawPlanes
 .text          0x0002d258     0x1424 build/r_segs.o
                0x0002d258                R_RenderMaskedSegRange
                0x0002d560                R_RenderSegLoop
                0x0002dabc                R_StoreWallRange
 .text          0x0002e67c       0x14 build/r_sky.o
                0x0002e67c                R_InitSkyMap
 .text          0x0002e690     0x1500 build/r_things.o
                0x0002e690                R_InstallSpriteLump
                0x0002e808                R_InitSpriteDefs
                0x0002eb20                R_InitSprites
                0x0002eb54                R_ClearSprites
                0x0002eb6c                R_NewVisSprite
                0x0002eb9c                R_DrawMaskedColumn
                0x0002ecc4                R_DrawVisSprite
                0x0002ee90                R_ProjectSprite
                0x0002f20c                R_AddSprites
                0x0002f2bc                R_DrawPSprite
                0x0002f530                R_DrawPlayerSprites
                0x0002f604                R_SortVisSprites
                0x0002f72c                R_DrawSprite
                0x0002fae8                R_DrawMasked
 .text          0x0002fb90     0x18b8 build/sha1.o
                0x0002fb90                SHA1_Init
                0x0002fbd8                SHA1_Update
                0x000311c4                SHA1_Final
                0x000313e0                SHA1_UpdateInt32
                0x0003141c                SHA1_UpdateString
 .text          0x00031448       0x68 build/statdump.o
                0x00031448                StatCopy
                0x000314ac                StatDump
 .text          0x000314b0      0x500 build/st_lib.o
                0x000314b0                STlib_init
                0x000314d8                STlib_initNum
                0x000314fc                STlib_drawNum
                0x000316ac                STlib_updateNum
                0x000316c8                STlib_initPercent
                0x000316fc                STlib_updatePercent
                0x0003174c                STlib_initMultIcon
                0x0003176c                STlib_updateMultIcon
                0x0003187c                STlib_initBinIcon
                0x0003189c                STlib_updateBinIcon
 .text          0x000319b0     0x1c14 build/st_stuff.o
                0x000319b0                ST_refreshBackground
                0x00031a48                ST_Responder
                0x00031fe0                ST_calcPainOffset
                0x0003203c                ST_updateFaceWidget
                0x000324fc                ST_updateWidgets
                0x0003261c                ST_Ticker
                0x00032664                ST_doPaletteStuff
                0x0003277c                ST_drawWidgets
                0x0003287c                ST_doRefresh
                0x000328a4                ST_diffDraw
                0x000328b8                ST_Drawer
                0x00032ad8                ST_loadGraphics
                0x00032dfc                ST_loadData
                0x00032e24                ST_unloadGraphics
                0x0003311c                ST_unloadData
                0x0003312c                ST_initData
                0x000331bc                ST_createWidgets
                0x000334f0                ST_Start
                0x00033528                ST_Stop
                0x00033568                ST_Init
 .text          0x000335c4      0x9bc build/s_sound.o
                0x000335c4                S_Init
                0x000336a4                S_SetSfxVolume
                0x000336e0                S_SetMusicVolume
                0x00033718                S_Shutdown
                0x0003372c                S_Start
                0x000338b4                S_ChangeMusic
                0x000339a0                S_StopSound
                0x00033a0c                S_StartSound
                0x00033d78                S_PauseSound
                0x00033db8                S_ResumeSound
                0x00033df8                S_UpdateSounds
                0x00033ef8                S_StartMusic
                0x00033f0c                S_StopMusic
                0x00033f70                S_MusicPlaying
 .text          0x00033f80       0x30 build/tables.o
                0x00033f80                SlopeDiv
 .text          0x00033fb0     0x11f8 build/v_video.o
                0x00033fb0                V_MarkRect
                0x00034024                V_CopyRect
                0x00034110                V_SetPatchClipCallback
                0x00034120                V_DrawPatch
                0x000342f4                V_DrawPatchFlipped
                0x00034490                V_DrawPatchDirect
                0x000344a0                V_DrawTLPatch
                0x00034604                V_DrawXlaPatch
                0x00034734                V_DrawAltTLPatch
                0x00034898                V_DrawShadowedPatch
                0x00034a04                V_LoadTintTable
                0x00034a2c                V_LoadXlaTable
                0x00034a54                V_DrawBlock
                0x00034b04                V_DrawFilledBox
                0x00034b64                V_DrawHorizLine
                0x00034ba0                V_DrawVertLine
                0x00034bd0                V_DrawBox
                0x00034c9c                V_DrawRawScreen
                0x00034cc0                V_Init
                0x00034cc4                V_UseBuffer
                0x00034cd4                V_RestoreBuffer
                0x00034cf0                WritePCXfile
                0x00034e6c                V_ScreenShot
                0x00034f10                V_DrawMouseSpeedBox
 .text          0x000351a8     0x2478 build/wi_stuff.o
                0x000351a8                WI_slamBackground
                0x000351cc                WI_Responder
                0x000351d4                WI_drawLF
                0x000352d4                WI_drawEL
                0x00035354                WI_drawOnLnode
                0x000354b0                WI_initAnimatedBack
                0x00035594                WI_updateAnimatedBack
                0x00035744                WI_drawAnimatedBack
                0x000357e4                WI_drawNum
                0x00035908                WI_drawPercent
                0x0003595c                WI_drawTime
                0x00035a68                WI_End
                0x00035a80                WI_unloadData
                0x00035a98                WI_initNoState
                0x00035abc                WI_updateNoState
                0x00035ae8                WI_initShowNextLoc
                0x00035b18                WI_updateShowNextLoc
                0x00035b78                WI_drawShowNextLoc
                0x00035c64                WI_drawNoState
                0x00035c84                WI_fragSum
                0x00035ce4                WI_initDeathmatchStats
                0x00035d70                WI_updateDeathmatchStats
                0x00035fc4                WI_drawDeathmatchStats
                0x000361c0                WI_initNetgameStats
                0x00036250                WI_updateNetgameStats
                0x00036690                WI_drawNetgameStats
                0x0003692c                WI_initStats
                0x00036978                WI_updateStats
                0x00036cf4                WI_drawStats
                0x00036e08                WI_checkForAccelerate
                0x00036ea0                WI_Ticker
                0x00036f5c                WI_loadData
                0x00037494                WI_Drawer
                0x00037510                WI_initVariables
                0x00037594                WI_Start
 .text          0x00037620      0x108 build/w_checksum.o
                0x00037620                W_Checksum
 .text          0x00037728       0x80 build/w_file.o
                0x00037728                W_OpenFile
                0x00037778                W_CloseFile
                0x00037790                W_Read
 .text          0x000377a8       0xa0 build/w_main.o
                0x000377a8                W_ParseCommandLine
 .text          0x00037848      0x888 build/w_wad.o
                0x00037848                W_LumpNameHash
                0x00037894                W_AddFile
                0x00037bcc                W_NumLumps
                0x00037bdc                W_CheckNumForName
                0x00037cc0                W_GetNumForName
                0x00037cf4                W_LumpLength
                0x00037d48                W_ReadLump
                0x00037dd4                W_CacheLumpNum
                0x00037ebc                W_CacheLumpName
                0x00037ee0                W_ReleaseLumpNum
                0x00037f5c                W_ReleaseLumpName
                0x00037f70                W_GenerateHashTable
                0x00038034                W_CheckCorrectIWAD
 .text          0x000380d0      0x7a0 build/z_zone.o
                0x000380d0                Z_ClearZone
                0x00038110                Z_Init
                0x00038190                Z_Free
                0x0003829c                Z_Malloc
                0x000383e0                Z_FreeTags
                0x00038448                Z_DumpHeap
                0x00038554                Z_FileDumpHeap
                0x0003869c                Z_CheckHeap
                0x00038754                Z_ChangeTag2
                0x000387d0                Z_ChangeUser
                0x00038814                Z_FreeMemory
                0x0003885c                Z_ZoneSize
 .text          0x00038870       0xd0 build/w_file_stdc.o
                0x00038870                W_StdC_Read
 .text          0x00038940      0x3f0 build/i_input.o
                0x00038940                I_InitInput
                0x00038a00                I_GetEvent
                0x00038d20                I_ShutdownInput
 .text          0x00038d30      0x53c build/i_video.o
                0x00038d30                cmap_to_rgb565
                0x00038d9c                cmap_to_fb
                0x00038e90                I_InitGraphics
                0x00039030                I_ShutdownGraphics
                0x0003904c                I_StartFrame
                0x00039050                I_StartTic
                0x00039060                I_UpdateNoBlit
                0x00039064                I_FinishUpdate
                0x00039128                I_ReadScreen
                0x00039148                I_SetPalette
                0x000391d4                I_GetPaletteIndex
                0x0003923c                I_BeginRead
                0x00039240                I_EndRead
                0x00039244                I_SetWindowTitle
                0x00039254                I_GraphicsCheckCommandLine
                0x00039258                I_SetGrabMouseCallback
                0x0003925c                I_EnableLoadingDisk
                0x00039260                I_BindVideoVariables
                0x00039264                I_DisplayFPSDots
                0x00039268                I_CheckIsScreensaver
 .text          0x0003926c       0x44 build/doomgeneric.o
                0x0003926c                doomgeneric_Create
 .text          0x000392b0      0x490 build/doomgeneric_xlib.o
                0x000392b0                DG_Init
                0x00039408                DG_DrawFrame
                0x00039624                DG_SleepMs
                0x0003963c                DG_GetTicksMs
                0x00039680                DG_GetKey
                0x000396cc                DG_SetWindowTitle
                0x0003972c                main
 .text          0x00039740       0x44 /usr/lib/arm-linux-gnueabihf/libc_nonshared.a(elf-init.oS)
                0x00039740                __libc_csu_init
                0x00039780                __libc_csu_fini
 *fill*         0x00039784        0x4 
 .text          0x00039788      0x278 /usr/bin/../lib/gcc/arm-linux-gnueabihf/4.8/libgcc.a(_udivsi3.o)
                0x00039788                __aeabi_uidiv
                0x00039788                __udivsi3
                0x000399e4                __aeabi_uidivmod
 .text          0x00039a00      0x2b0 /usr/bin/../lib/gcc/arm-linux-gnueabihf/4.8/libgcc.a(_divsi3.o)
                0x00039a00                __divsi3
                0x00039a00                __aeabi_idiv
                0x00039c94                __aeabi_idivmod
 .text          0x00039cb0       0xc4 /usr/bin/../lib/gcc/arm-linux-gnueabihf/4.8/libgcc.a(_umodsi3.o)
                0x00039cb0                __umodsi3
 .text          0x00039d74       0xe0 /usr/bin/../lib/gcc/arm-linux-gnueabihf/4.8/libgcc.a(_modsi3.o)
                0x00039d74                __modsi3
 .text          0x00039e54       0x38 /usr/bin/../lib/gcc/arm-linux-gnueabihf/4.8/libgcc.a(_aeabi_ldivmod.o)
                0x00039e54                __aeabi_ldivmod
 .text          0x00039e8c        0xc /usr/bin/../lib/gcc/arm-linux-gnueabihf/4.8/libgcc.a(_dvmd_lnx.o)
                0x00039e8c                __aeabi_ldiv0
                0x00039e8c                __aeabi_idiv0
 .text          0x00039e98       0x60 /usr/bin/../lib/gcc/arm-linux-gnueabihf/4.8/libgcc.a(bpabi.o)
                0x00039e98                __gnu_ldivmod_helper
                0x00039ec8                __gnu_uldivmod_helper
 .text          0x00039ef8      0x35c /usr/bin/../lib/gcc/arm-linux-gnueabihf/4.8/libgcc.a(_divdi3.o)
                0x00039ef8                __divdi3
 .text          0x0003a254      0x2fc /usr/bin/../lib/gcc/arm-linux-gnueabihf/4.8/libgcc.a(_udivdi3.o)
                0x0003a254                __udivdi3
 *(.gnu.warning)
 *(.glue_7t)
 .glue_7t       0x00000000        0x0 linker stubs
 *(.glue_7)
 .glue_7        0x00000000        0x0 linker stubs
 *(.vfp11_veneer)
 .vfp11_veneer  0x00000000        0x0 linker stubs
 *(.v4_bx)
 .v4_bx         0x00000000        0x0 linker stubs

.fini           0x0003a550        0x8
 *(SORT(.fini))
 .fini          0x0003a550        0x4 /usr/bin/../lib/gcc/arm-linux-gnueabihf/4.8/../../../arm-linux-gnueabihf/crti.o
                0x0003a550                _fini
 .fini          0x0003a554        0x4 /usr/bin/../lib/gcc/arm-linux-gnueabihf/4.8/../../../arm-linux-gnueabihf/crtn.o
                0x0003a558                PROVIDE (__etext, .)
                0x0003a558                PROVIDE (_etext, .)
                0x0003a558                PROVIDE (etext, .)

.rodata         0x0003a560    0x183e0
 *(.rodata .rodata.* .gnu.linkonce.r.*)
 .rodata.str1.1
                0x0003a560       0x81 build/button.o
                                 0x84 (size before relaxing)
 .rodata.str1.1
                0x0003a5e1       0x21 build/fnd.o
 .rodata.str1.1
                0x0003a602       0x54 build/lcdtext.o
 .rodata.str1.1
                0x0003a656       0x19 build/led.o
 .rodata.str1.1
                0x0003a66f      0x224 build/colorled.o
                                0x22b (size before relaxing)
 .rodata.str1.1
                0x0003a893      0x10f build/accelMagGyro.o
                                0x114 (size before relaxing)
 .rodata.str1.1
                0x0003a9a2       0x67 build/am_map.o
 *fill*         0x0003aa09        0x3 
 .rodata        0x0003aa0c       0x20 build/am_map.o
 .rodata.cst16  0x0003aa2c       0x10 build/am_map.o
 .rodata.str1.1
                0x0003aa3c      0x328 build/dstrings.o
 .rodata.str1.1
                0x0003ad64      0x189 build/d_iwad.o
                                0x1a6 (size before relaxing)
 *fill*         0x0003aeed        0x3 
 .rodata        0x0003aef0       0xe0 build/d_iwad.o
 .rodata.str1.16
                0x0003afd0       0x2d build/d_iwad.o
                                 0x30 (size before relaxing)
 .rodata.str1.1
                0x0003affd       0x54 build/d_loop.o
 *fill*         0x0003b051        0xf 
 .rodata.str1.16
                0x0003b060       0x1a build/d_loop.o
                                 0x20 (size before relaxing)
 .rodata.str1.1
                0x0003b07a      0x4ed build/d_main.o
                                0x53b (size before relaxing)
 *fill*         0x0003b567        0x1 
 .rodata        0x0003b568      0x148 build/d_main.o
 .rodata.str1.16
                0x0003b6b0      0x4d9 build/d_main.o
                                0x4e0 (size before relaxing)
 *fill*         0x0003bb89        0x7 
 .rodata        0x0003bb90      0x150 build/d_mode.o
 .rodata.str1.1
                0x0003bce0       0x1a build/d_mode.o
                                 0x3c (size before relaxing)
 .rodata.str1.1
                0x0003bcfa       0xb3 build/d_net.o
                                 0xcb (size before relaxing)
 *fill*         0x0003bdad        0x3 
 .rodata.str1.16
                0x0003bdb0       0xaa build/d_net.o
                                 0xb0 (size before relaxing)
 .rodata.str1.1
                0x0003be5a     0x1ef5 build/f_finale.o
                               0x1f08 (size before relaxing)
 *fill*         0x0003dd4f        0x1 
 .rodata        0x0003dd50       0x18 build/f_wipe.o
 .rodata        0x0003dd68       0x68 build/g_game.o
 .rodata.str1.1
                0x0003ddd0      0x348 build/g_game.o
                                0x369 (size before relaxing)
 .rodata.str1.1
                0x0003e118      0xc0f build/hu_stuff.o
 .rodata.str1.1
                0x0003ed27      0x2a3 build/info.o
                                0x2b2 (size before relaxing)
 .rodata.str1.1
                0x0003efca       0xa7 build/i_joystick.o
 .rodata.str1.1
                0x0003f071       0x9e build/i_sound.o
                                 0x9f (size before relaxing)
 .rodata.str1.1
                0x0003f10f       0xfb build/i_system.o
 .rodata        0x0003f20a       0x1e build/i_system.o
 *fill*         0x0003f228        0x8 
 .rodata.str1.16
                0x0003f230      0x116 build/i_system.o
                                0x120 (size before relaxing)
 .rodata.str1.1
                0x0003f346      0xa6e build/m_config.o
                                0xc1c (size before relaxing)
 .rodata        0x0003fdb4      0x200 build/m_config.o
 .rodata.str1.1
                0x0003ffb4       0x16 build/m_controls.o
                                0x630 (size before relaxing)
 .rodata.str1.1
                0x0003ffca      0x3f7 build/m_menu.o
                                0x40f (size before relaxing)
 *fill*         0x000403c1        0x3 
 .rodata        0x000403c4       0x10 build/m_menu.o
 .rodata.str1.1
                0x000403d4       0xde build/m_misc.o
                                 0xec (size before relaxing)
 .rodata        0x000404b2      0x100 build/m_random.o
 .rodata.str1.1
                0x000405b2      0x137 build/p_doors.o
 .rodata.str1.1
                0x000406e9       0x3b build/p_enemy.o
 .rodata.str1.1
                0x00040724      0x3d7 build/p_inter.o
 .rodata.str1.1
                0x00040afb       0x72 build/p_map.o
 *fill*         0x00040b6d        0x3 
 .rodata        0x00040b70      0x114 build/p_maputl.o
 .rodata.str1.1
                0x00040c84       0x2d build/p_mobj.o
 .rodata.str1.1
                0x00040cb1       0x45 build/p_plats.o
 .rodata.str1.1
                0x00040cf6       0xc3 build/p_saveg.o
                                 0xe1 (size before relaxing)
 .rodata.str1.1
                0x00040db9       0x5a build/p_setup.o
 .rodata.str1.1
                0x00040e13       0x28 build/p_sight.o
 .rodata.str1.1
                0x00040e3b      0x242 build/p_spec.o
 .rodata.str1.1
                0x0004107d       0x25 build/p_switch.o
 .rodata.str1.1
                0x000410a2       0x23 build/r_bsp.o
 .rodata.str1.1
                0x000410c5      0x120 build/r_data.o
                                0x12e (size before relaxing)
 .rodata.str1.1
                0x000411e5       0xa6 build/r_draw.o
 .rodata.str1.1
                0x0004128b       0xa6 build/r_plane.o
 .rodata.str1.1
                0x00041331       0x20 build/r_segs.o
 .rodata.str1.1
                0x00041351      0x1d2 build/r_things.o
 .rodata.str1.1
                0x00041523      0x186 build/sounds.o
                                0x191 (size before relaxing)
 .rodata.str1.1
                0x00000000        0xa build/statdump.o
 .rodata.str1.1
                0x000416a9       0x5b build/st_lib.o
 .rodata.str1.1
                0x00041704      0x1bd build/st_stuff.o
                                0x1c5 (size before relaxing)
 *fill*         0x000418c1        0x3 
 .rodata        0x000418c4       0x24 build/s_sound.o
 .rodata.str1.1
                0x000418e8       0x69 build/s_sound.o
 *fill*         0x00041951        0x3 
 .rodata        0x00041954    0x10504 build/tables.o
                0x00041954                finetangent
                0x00045954                finesine
                0x0004f954                tantoangle
                0x00051958                gammatable
 .rodata.str1.1
                0x00051e58      0x100 build/v_video.o
                                0x108 (size before relaxing)
 .rodata        0x00051f58      0x130 build/wi_stuff.o
 .rodata.str1.1
                0x00052088       0xf9 build/wi_stuff.o
                                0x10b (size before relaxing)
 *fill*         0x00052181        0x3 
 .rodata.str4.4
                0x00052184       0x10 build/wi_stuff.o
 .rodata.str1.1
                0x00052194        0x6 build/w_file.o
 .rodata.str1.1
                0x0005219a        0x6 build/w_main.o
                                 0x12 (size before relaxing)
 .rodata.str1.1
                0x000521a0      0x1d2 build/w_wad.o
                                0x1d6 (size before relaxing)
 *fill*         0x00052372        0x2 
 .rodata        0x00052374       0x20 build/w_wad.o
 .rodata.str1.1
                0x00052394      0x2a0 build/z_zone.o
 *fill*         0x00052634        0xc 
 .rodata.str1.16
                0x00052640       0x90 build/z_zone.o
 .rodata.str1.1
                0x00000000        0x3 build/w_file_stdc.o
 .rodata        0x000526d0      0x100 build/i_input.o
 .rodata.str1.1
                0x000527d0      0x149 build/i_video.o
 *fill*         0x00052919        0x7 
 .rodata.str1.16
                0x00052920       0x20 build/i_video.o

.rodata1
 *(.rodata1)

.ARM.extab
 *(.ARM.extab* .gnu.linkonce.armextab.*)
                0x00052940                PROVIDE (__exidx_start, .)

.ARM.exidx      0x00052940        0x8
 *(.ARM.exidx* .gnu.linkonce.armexidx.*)
 .ARM.exidx     0x00052940        0x8 /usr/bin/../lib/gcc/arm-linux-gnueabihf/4.8/../../../arm-linux-gnueabihf/crt1.o
 .ARM.exidx     0x00052948        0x0 /usr/bin/../lib/gcc/arm-linux-gnueabihf/4.8/libgcc.a(_divdi3.o)
                                  0x8 (size before relaxing)
 .ARM.exidx     0x00052948        0x0 /usr/bin/../lib/gcc/arm-linux-gnueabihf/4.8/libgcc.a(_udivdi3.o)
                                  0x8 (size before relaxing)
                0x00052948                PROVIDE (__exidx_end, .)

.eh_frame_hdr   0x00052948        0x0
 *(.eh_frame_hdr)
 .eh_frame_hdr  0x00000000        0x0 /usr/bin/../lib/gcc/arm-linux-gnueabihf/4.8/../../../arm-linux-gnueabihf/crtn.o

.eh_frame       0x00052948        0x4
 *(.eh_frame)
 .eh_frame      0x00052948        0x4 /usr/bin/../lib/gcc/arm-linux-gnueabihf/4.8/crtend.o

.gcc_except_table
 *(.gcc_except_table .gcc_except_table.*)

.exception_ranges
 *(.exception_ranges .exception_ranges*)
                0x0005294c                . = (ALIGN (0x8000) - ((0x8000 - .) & 0x7fff))
                0x0005aef4                . = DATA_SEGMENT_ALIGN (0x8000, 0x1000)

.eh_frame
 *(.eh_frame)

.gcc_except_table
 *(.gcc_except_table .gcc_except_table.*)

.exception_ranges
 *(.exception_ranges .exception_ranges*)

.tdata
 *(.tdata .tdata.* .gnu.linkonce.td.*)

.tbss
 *(.tbss .tbss.* .gnu.linkonce.tb.*)
 *(.tcommon)

.preinit_array  0x0005aef4        0x0
                0x0005aef4                PROVIDE (__preinit_array_start, .)
 *(.preinit_array)
                0x0005aef4                PROVIDE (__preinit_array_end, .)

.init_array     0x0005aef4        0x4
                0x0005aef4                PROVIDE (__init_array_start, .)
 *(SORT(.init_array.*) SORT(.ctors.*))
 *(.init_array EXCLUDE_FILE(*crtend?.o *crtend.o *crtbegin?.o *crtbegin.o) .ctors)
 .init_array    0x0005aef4        0x4 /usr/bin/../lib/gcc/arm-linux-gnueabihf/4.8/crtbegin.o
                0x0005aef8                PROVIDE (__init_array_end, .)

.fini_array     0x0005aef8        0x4
                0x0005aef8                PROVIDE (__fini_array_start, .)
 *(SORT(.fini_array.*) SORT(.dtors.*))
 *(.fini_array EXCLUDE_FILE(*crtend?.o *crtend.o *crtbegin?.o *crtbegin.o) .dtors)
 .fini_array    0x0005aef8        0x4 /usr/bin/../lib/gcc/arm-linux-gnueabihf/4.8/crtbegin.o
                0x0005aefc                PROVIDE (__fini_array_end, .)

.ctors
 *crtbegin.o(.ctors)
 *crtbegin?.o(.ctors)
 *(EXCLUDE_FILE(*crtend?.o *crtend.o) .ctors)
 *(SORT(.ctors.*))
 *(.ctors)

.dtors
 *crtbegin.o(.dtors)
 *crtbegin?.o(.dtors)
 *(EXCLUDE_FILE(*crtend?.o *crtend.o) .dtors)
 *(SORT(.dtors.*))
 *(.dtors)

.jcr            0x0005aefc        0x4
 *(.jcr)
 .jcr           0x0005aefc        0x0 /usr/bin/../lib/gcc/arm-linux-gnueabihf/4.8/crtbegin.o
 .jcr           0x0005aefc        0x4 /usr/bin/../lib/gcc/arm-linux-gnueabihf/4.8/crtend.o

.data.rel.ro
 *(.data.rel.ro.local* .gnu.linkonce.d.rel.ro.local.*)
 *(.data.rel.ro .data.rel.ro.* .gnu.linkonce.d.rel.ro.*)

.dynamic        0x0005af00      0x100
 *(.dynamic)
 .dynamic       0x0005af00      0x100 /usr/bin/../lib/gcc/arm-linux-gnueabihf/4.8/../../../arm-linux-gnueabihf/crt1.o
                0x0005af00                _DYNAMIC
                0x0005b000                . = DATA_SEGMENT_RELRO_END (., 0x0)

.got            0x0005b000      0x150
 *(.got.plt)
 .got.plt       0x0005b000      0x14c /usr/bin/../lib/gcc/arm-linux-gnueabihf/4.8/../../../arm-linux-gnueabihf/crt1.o
                0x0005b000                _GLOBAL_OFFSET_TABLE_
 *(.igot.plt)
 .igot.plt      0x00000000        0x0 /usr/bin/../lib/gcc/arm-linux-gnueabihf/4.8/../../../arm-linux-gnueabihf/crt1.o
 *(.got)
 .got           0x0005b14c        0x4 /usr/bin/../lib/gcc/arm-linux-gnueabihf/4.8/../../../arm-linux-gnueabihf/crt1.o
 *(.igot)

.data           0x0005b150     0xe9ac
                0x0005b150                PROVIDE (__data_start, .)
 *(.data .data.* .gnu.linkonce.d.*)
 .data          0x0005b150        0x4 build/button.o
 .data          0x0005b154        0x4 build/lcdtext.o
 *fill*         0x0005b158        0x8 
 .data          0x0005b160      0x250 build/am_map.o
                0x0005b160                player_arrow
                0x0005b1d0                cheat_player_arrow
                0x0005b2d0                triangle_guy
                0x0005b300                thintriangle_guy
                0x0005b330                cheat_amap
 .data          0x0005b3b0        0x8 build/doomstat.o
                0x0005b3b0                gamemode
                0x0005b3b4                gameversion
 .data          0x0005b3b8       0x40 build/dstrings.o
                0x0005b3b8                doom1_endmsg
                0x0005b3d8                doom2_endmsg
 .data          0x0005b3f8       0xd8 build/d_items.o
                0x0005b3f8                weaponinfo
 .data          0x0005b4d0        0x4 build/d_loop.o
 .data          0x0005b4d4        0xc build/d_main.o
                0x0005b4d4                show_endoom
                0x0005b4d8                wipegamestate
 .data          0x0005b4e0       0x10 build/d_net.o
 .data          0x0005b4f0      0x248 build/f_finale.o
                0x0005b6a8                castorder
 .data          0x0005b738      0x148 build/g_game.o
                0x0005b738                precache
                0x0005b73c                forwardmove
                0x0005b744                sidemove
                0x0005b74c                angleturn
                0x0005b758                vanilla_savegame_limit
                0x0005b75c                vanilla_demo_limit
                0x0005b760                pars
                0x0005b800                cpars
 .data          0x0005b880      0x26c build/hu_stuff.o
                0x0005b880                chat_macros
                0x0005b8a8                player_names
                0x0005b8b8                mapnames
                0x0005b96c                mapnames_commercial
 .data          0x0005baec     0x9d2c build/info.o
                0x0005baec                sprnames
                0x0005bd18                states
                0x000626dc                mobjinfo
 *fill*         0x00065818        0x8 
 .data          0x00065820       0x40 build/i_joystick.o
 .data          0x00065860       0x18 build/i_sound.o
                0x00065860                snd_samplerate
                0x00065864                snd_cachesize
                0x00065868                snd_maxslicetime_ms
                0x0006586c                snd_musiccmd
                0x00065870                snd_musicdevice
                0x00065874                snd_sfxdevice
 .data          0x00065878        0x4 build/i_system.o
 *fill*         0x0006587c        0x4 
 .data          0x00065880     0x1270 build/m_config.o
 .data          0x00066af0      0x19c build/m_controls.o
                0x00066af0                key_right
                0x00066af4                key_left
                0x00066af8                key_up
                0x00066afc                key_down
                0x00066b00                key_strafeleft
                0x00066b04                key_straferight
                0x00066b08                key_fire
                0x00066b0c                key_use
                0x00066b10                key_strafe
                0x00066b14                key_speed
                0x00066b18                key_flyup
                0x00066b1c                key_flydown
                0x00066b20                key_flycenter
                0x00066b24                key_lookup
                0x00066b28                key_lookdown
                0x00066b2c                key_lookcenter
                0x00066b30                key_invleft
                0x00066b34                key_invright
                0x00066b38                key_useartifact
                0x00066b3c                key_jump
                0x00066b40                key_arti_all
                0x00066b44                key_arti_health
                0x00066b48                key_arti_poisonbag
                0x00066b4c                key_arti_blastradius
                0x00066b50                key_arti_teleport
                0x00066b54                key_arti_teleportother
                0x00066b58                key_arti_egg
                0x00066b5c                key_arti_invulnerability
                0x00066b60                key_usehealth
                0x00066b64                key_invquery
                0x00066b68                key_mission
                0x00066b6c                key_invpop
                0x00066b70                key_invkey
                0x00066b74                key_invhome
                0x00066b78                key_invend
                0x00066b7c                key_invuse
                0x00066b80                key_invdrop
                0x00066b84                mousebstrafe
                0x00066b88                mousebforward
                0x00066b8c                mousebjump
                0x00066b90                mousebstrafeleft
                0x00066b94                mousebstraferight
                0x00066b98                mousebbackward
                0x00066b9c                mousebuse
                0x00066ba0                mousebprevweapon
                0x00066ba4                mousebnextweapon
                0x00066ba8                key_message_refresh
                0x00066bac                key_pause
                0x00066bb0                key_demo_quit
                0x00066bb4                key_spy
                0x00066bb8                key_multi_msg
                0x00066bbc                key_weapon1
                0x00066bc0                key_weapon2
                0x00066bc4                key_weapon3
                0x00066bc8                key_weapon4
                0x00066bcc                key_weapon5
                0x00066bd0                key_weapon6
                0x00066bd4                key_weapon7
                0x00066bd8                key_weapon8
                0x00066bdc                key_map_north
                0x00066be0                key_map_south
                0x00066be4                key_map_east
                0x00066be8                key_map_west
                0x00066bec                key_map_zoomin
                0x00066bf0                key_map_zoomout
                0x00066bf4                key_map_toggle
                0x00066bf8                key_map_maxzoom
                0x00066bfc                key_map_follow
                0x00066c00                key_map_grid
                0x00066c04                key_map_mark
                0x00066c08                key_map_clearmark
                0x00066c0c                key_menu_activate
                0x00066c10                key_menu_up
                0x00066c14                key_menu_down
                0x00066c18                key_menu_left
                0x00066c1c                key_menu_right
                0x00066c20                key_menu_back
                0x00066c24                key_menu_forward
                0x00066c28                key_menu_confirm
                0x00066c2c                key_menu_abort
                0x00066c30                key_menu_help
                0x00066c34                key_menu_save
                0x00066c38                key_menu_load
                0x00066c3c                key_menu_volume
                0x00066c40                key_menu_detail
                0x00066c44                key_menu_qsave
                0x00066c48                key_menu_endgame
                0x00066c4c                key_menu_messages
                0x00066c50                key_menu_qload
                0x00066c54                key_menu_quit
                0x00066c58                key_menu_gamma
                0x00066c5c                key_menu_incscreen
                0x00066c60                key_menu_decscreen
                0x00066c64                joybstrafe
                0x00066c68                joybuse
                0x00066c6c                joybspeed
                0x00066c70                joybstrafeleft
                0x00066c74                joybstraferight
                0x00066c78                joybjump
                0x00066c7c                joybprevweapon
                0x00066c80                joybnextweapon
                0x00066c84                joybmenu
                0x00066c88                dclick_use
 .data          0x00066c8c      0x4e4 build/m_menu.o
                0x00066c8c                mouseSensitivity
                0x00066c90                showMessages
                0x00066c94                screenblocks
                0x00066c98                gammamsg
                0x00066d1c                skullName
                0x00066d24                MainMenu
                0x00066d9c                MainDef
                0x00066db4                EpisodeMenu
                0x00066e04                EpiDef
                0x00066e1c                NewGameMenu
                0x00066e80                NewDef
                0x00066e98                OptionsMenu
                0x00066f38                OptionsDef
                0x00066f50                ReadMenu1
                0x00066f64                ReadDef1
                0x00066f7c                ReadMenu2
                0x00066f90                ReadDef2
                0x00066fa8                SoundMenu
                0x00066ff8                SoundDef
                0x00067010                LoadMenu
                0x00067088                LoadDef
                0x000670a0                SaveMenu
                0x00067118                SaveDef
                0x00067130                quitsounds
                0x00067150                quitsounds2
 .data          0x00067170       0x78 build/p_enemy.o
                0x00067170                opposite
                0x00067194                diags
                0x000671a4                xspeed
                0x000671c4                yspeed
                0x000671e4                TRACEANGLE
 .data          0x000671e8       0x20 build/p_inter.o
                0x000671e8                maxammo
                0x000671f8                clipammo
 .data          0x00067208      0x284 build/p_spec.o
                0x00067208                animdefs
 .data          0x0006748c      0x334 build/p_switch.o
                0x0006748c                alphSwitchList
 .data          0x000677c0       0xc0 build/r_bsp.o
                0x000677c0                checkcoord
 .data          0x00067880       0xc8 build/r_draw.o
                0x00067880                fuzzoffset
 .data          0x00067948        0x4 build/r_main.o
                0x00067948                validcount
 .data          0x0006794c     0x18b0 build/sounds.o
                0x0006794c                S_music
                0x00067d8c                S_sfx
 *fill*         0x000691fc        0x4 
 .data          0x00069200      0x350 build/st_stuff.o
                0x00069200                cheat_mus
                0x00069234                cheat_god
                0x00069268                cheat_ammo
                0x0006929c                cheat_ammonokey
                0x000692d0                cheat_noclip
                0x00069304                cheat_commercial_noclip
                0x00069338                cheat_powerup
                0x000694a4                cheat_choppers
                0x000694d8                cheat_clev
                0x0006950c                cheat_mypos
 .data          0x00069550        0xc build/s_sound.o
                0x00069550                sfxVolume
                0x00069554                musicVolume
                0x00069558                snd_channels
 .data          0x0006955c        0x4 build/tables.o
                0x0006955c                finecosine
 .data          0x00069560      0x580 build/wi_stuff.o
 .data          0x00069ae0        0xc build/w_file_stdc.o
                0x00069ae0                stdc_wad_file
 .data          0x00069aec        0x4 build/i_input.o
                0x00069aec                vanilla_keyboard_mapping
 .data          0x00069af0        0xc build/i_video.o
                0x00069af0                fb_scaling
                0x00069af4                mouse_acceleration
                0x00069af8                mouse_threshold

.tm_clone_table
                0x00069afc        0x0
 .tm_clone_table
                0x00069afc        0x0 /usr/bin/../lib/gcc/arm-linux-gnueabihf/4.8/crtbegin.o
 .tm_clone_table
                0x00069afc        0x0 /usr/bin/../lib/gcc/arm-linux-gnueabihf/4.8/crtend.o

.data1
 *(.data1)
                0x00069afc                _edata = .
                0x00069afc                PROVIDE (edata, .)
                0x00069afc                . = .
                0x00069afc                __bss_start = .
                0x00069afc                __bss_start__ = .

.bss            0x00069b00    0x3ba6c
 *(.dynbss)
 .dynbss        0x00069b00        0x4 /usr/bin/../lib/gcc/arm-linux-gnueabihf/4.8/../../../arm-linux-gnueabihf/crt1.o
                0x00069b00                stderr@@GLIBC_2.4
 *(.bss .bss.* .gnu.linkonce.b.*)
 .bss           0x00069b04        0x1 /usr/bin/../lib/gcc/arm-linux-gnueabihf/4.8/crtbegin.o
 *fill*         0x00069b05        0x3 
 .bss           0x00069b08      0x108 build/button.o
                0x00069b08                msgID
                0x00069b0c                buttonPath
 .bss           0x00069c10       0x10 build/led.o
                0x00069c10                pdata
 .bss           0x00069c20        0x8 build/accelMagGyro.o
                0x00069c20                fd
                0x00069c24                fp
 .bss           0x00069c28        0x8 build/dummy.o
                0x00069c28                net_client_connected
                0x00069c2c                drone
 .bss           0x00069c30      0x150 build/am_map.o
                0x00069c30                automapactive
 .bss           0x00069d80        0x4 build/doomstat.o
                0x00069d80                gamemission
 *fill*         0x00069d84        0xc 
 .bss           0x00069d90      0x510 build/d_event.o
 .bss           0x0006a2a0      0x210 build/d_iwad.o
 .bss           0x0006a4b0     0x5060 build/d_loop.o
                0x0006a4b0                singletics
 .bss           0x0006f510       0x30 build/d_main.o
                0x0006f510                main_loop_started
 .bss           0x0006f540       0x50 build/d_net.o
 .bss           0x0006f590        0x4 build/f_finale.o
 *fill*         0x0006f594        0xc 
 .bss           0x0006f5a0       0x20 build/f_wipe.o
 .bss           0x0006f5c0      0x540 build/g_game.o
                0x0006f5c0                testcontrols
 .bss           0x0006fb00      0x590 build/hu_stuff.o